// Bun Snapshot v1, https://goo.gl/fbAQLP

exports[`setup compiler compiles every closed classification into one exact plan payload 1`] = `
"{
  "new-path": {
    "schema": "dome.setup.plan/v1",
    "status": "ready",
    "assessment": {
      "schema": "dome.setup.vault-assessment/v1",
      "target": {
        "path": "/Users/example/Vault",
        "kind": "new-path"
      },
      "revision": {
        "head": null,
        "worktreeFingerprint": "3df6ab08b3cbaafeb6e9ce6eadc44e41c7e75020f2eb66cab74b6acda3da7fe3"
      },
      "host": {
        "platform": "darwin",
        "architecture": "arm64",
        "supported": true
      },
      "product": {
        "packageName": "@marktoda/dome",
        "packageVersion": "0.4.0",
        "sourceCommit": "1111111111111111111111111111111111111111",
        "productManifestSha256": "4444444444444444444444444444444444444444444444444444444444444444",
        "packagedHome": {
          "artifactId": "3333333333333333333333333333333333333333333333333333333333333333",
          "productVersion": "0.4.0",
          "buildCommit": "1111111111111111111111111111111111111111",
          "manifestSha256": "4444444444444444444444444444444444444444444444444444444444444444"
        }
      },
      "prerequisites": [
        {
          "id": "bun",
          "status": "available",
          "version": "1.2.13"
        },
        {
          "id": "git",
          "status": "available",
          "version": "2.50.1"
        }
      ],
      "git": {
        "state": "absent",
        "branch": null
      },
      "dome": {
        "state": "absent",
        "contentScope": "absent"
      },
      "installedHome": {
        "state": "absent",
        "artifactId": null,
        "productVersion": null,
        "buildCommit": null,
        "manifestSha256": null,
        "selectedVaultPath": null
      },
      "markdown": {
        "tracked": [],
        "untracked": [],
        "proposedScope": {
          "version": 1,
          "include": [
            "**/*.md"
          ],
          "exclude": [
            ".dome/**",
            ".git/**"
          ]
        }
      },
      "blockers": []
    },
    "actions": [
      {
        "kind": "create-vault-directory",
        "id": "vault-directory",
        "path": "/Users/example/Vault",
        "mode": "0755",
        "ifMissing": true
      },
      {
        "kind": "initialize-git",
        "id": "git-repository",
        "repositoryPath": "/Users/example/Vault",
        "ifMissing": true
      },
      {
        "kind": "ensure-scaffold-directory",
        "id": "dome-directory",
        "path": ".dome",
        "mode": "0755",
        "ifMissing": true
      },
      {
        "kind": "ensure-scaffold-directory",
        "id": "dome-state-directory",
        "path": ".dome/state",
        "mode": "0700",
        "ifMissing": true
      },
      {
        "kind": "write-scaffold-file",
        "id": "agents-orientation",
        "path": "AGENTS.md",
        "bytes": 13,
        "sha256": "721430bc7a77d472ced403be3ca0e5ea881bcb8978104e5f305ea579c60c5ada",
        "mode": "0644",
        "ifMissing": true
      },
      {
        "kind": "write-scaffold-file",
        "id": "gitignore",
        "path": ".gitignore",
        "bytes": 13,
        "sha256": "052d9cd9e8dcbeba35387d09721ca3814dc98006c66b05b6e3cfd29b06c7c733",
        "mode": "0644",
        "ifMissing": true
      },
      {
        "kind": "set-content-scope",
        "id": "vault-config",
        "scope": {
          "version": 1,
          "include": [
            "**/*.md"
          ],
          "exclude": [
            ".dome/**",
            ".git/**"
          ]
        },
        "write": {
          "path": ".dome/config.yaml",
          "operation": "create-file",
          "bytes": 86,
          "sha256": "e7b5608767e4deca6e3a2237ab57f60b7be83269161055b2c723d07118271bf7",
          "mode": "0644",
          "ifMissing": true
        }
      },
      {
        "kind": "activate-home",
        "id": "home-activation",
        "artifactId": "3333333333333333333333333333333333333333333333333333333333333333",
        "disposition": "install-or-resume",
        "vaultPath": "/Users/example/Vault",
        "serviceLabel": "com.dome.home.vault-43ba0b40",
        "installServiceIfMissing": true
      }
    ],
    "optionalSteps": [
      {
        "kind": "configure-integration",
        "description": "Optionally connect calendar or Slack sources after setup."
      },
      {
        "kind": "configure-model",
        "description": "Optionally configure a local model provider after setup."
      }
    ],
    "recoveryCommands": [
      "dome setup --dry-run \\"/Users/example/Vault\\""
    ],
    "warnings": []
  },
  "empty-directory": {
    "schema": "dome.setup.plan/v1",
    "status": "ready",
    "assessment": {
      "schema": "dome.setup.vault-assessment/v1",
      "target": {
        "path": "/Users/example/Vault",
        "kind": "empty-directory"
      },
      "revision": {
        "head": null,
        "worktreeFingerprint": "1077fe5a5d0915975cb634bc80645fca61f134f7f8e27b5ce1ca62e8e7c33850"
      },
      "host": {
        "platform": "darwin",
        "architecture": "arm64",
        "supported": true
      },
      "product": {
        "packageName": "@marktoda/dome",
        "packageVersion": "0.4.0",
        "sourceCommit": "1111111111111111111111111111111111111111",
        "productManifestSha256": "4444444444444444444444444444444444444444444444444444444444444444",
        "packagedHome": {
          "artifactId": "3333333333333333333333333333333333333333333333333333333333333333",
          "productVersion": "0.4.0",
          "buildCommit": "1111111111111111111111111111111111111111",
          "manifestSha256": "4444444444444444444444444444444444444444444444444444444444444444"
        }
      },
      "prerequisites": [
        {
          "id": "bun",
          "status": "available",
          "version": "1.2.13"
        },
        {
          "id": "git",
          "status": "available",
          "version": "2.50.1"
        }
      ],
      "git": {
        "state": "absent",
        "branch": null
      },
      "dome": {
        "state": "absent",
        "contentScope": "absent"
      },
      "installedHome": {
        "state": "absent",
        "artifactId": null,
        "productVersion": null,
        "buildCommit": null,
        "manifestSha256": null,
        "selectedVaultPath": null
      },
      "markdown": {
        "tracked": [],
        "untracked": [],
        "proposedScope": {
          "version": 1,
          "include": [
            "**/*.md"
          ],
          "exclude": [
            ".dome/**",
            ".git/**"
          ]
        }
      },
      "blockers": []
    },
    "actions": [
      {
        "kind": "initialize-git",
        "id": "git-repository",
        "repositoryPath": "/Users/example/Vault",
        "ifMissing": true
      },
      {
        "kind": "ensure-scaffold-directory",
        "id": "dome-directory",
        "path": ".dome",
        "mode": "0755",
        "ifMissing": true
      },
      {
        "kind": "ensure-scaffold-directory",
        "id": "dome-state-directory",
        "path": ".dome/state",
        "mode": "0700",
        "ifMissing": true
      },
      {
        "kind": "write-scaffold-file",
        "id": "agents-orientation",
        "path": "AGENTS.md",
        "bytes": 13,
        "sha256": "721430bc7a77d472ced403be3ca0e5ea881bcb8978104e5f305ea579c60c5ada",
        "mode": "0644",
        "ifMissing": true
      },
      {
        "kind": "write-scaffold-file",
        "id": "gitignore",
        "path": ".gitignore",
        "bytes": 13,
        "sha256": "052d9cd9e8dcbeba35387d09721ca3814dc98006c66b05b6e3cfd29b06c7c733",
        "mode": "0644",
        "ifMissing": true
      },
      {
        "kind": "set-content-scope",
        "id": "vault-config",
        "scope": {
          "version": 1,
          "include": [
            "**/*.md"
          ],
          "exclude": [
            ".dome/**",
            ".git/**"
          ]
        },
        "write": {
          "path": ".dome/config.yaml",
          "operation": "create-file",
          "bytes": 86,
          "sha256": "e7b5608767e4deca6e3a2237ab57f60b7be83269161055b2c723d07118271bf7",
          "mode": "0644",
          "ifMissing": true
        }
      },
      {
        "kind": "activate-home",
        "id": "home-activation",
        "artifactId": "3333333333333333333333333333333333333333333333333333333333333333",
        "disposition": "install-or-resume",
        "vaultPath": "/Users/example/Vault",
        "serviceLabel": "com.dome.home.vault-43ba0b40",
        "installServiceIfMissing": true
      }
    ],
    "optionalSteps": [
      {
        "kind": "configure-integration",
        "description": "Optionally connect calendar or Slack sources after setup."
      },
      {
        "kind": "configure-model",
        "description": "Optionally configure a local model provider after setup."
      }
    ],
    "recoveryCommands": [
      "dome setup --dry-run \\"/Users/example/Vault\\""
    ],
    "warnings": []
  },
  "existing-non-git-vault": {
    "schema": "dome.setup.plan/v1",
    "status": "ready",
    "assessment": {
      "schema": "dome.setup.vault-assessment/v1",
      "target": {
        "path": "/Users/example/Vault",
        "kind": "existing-non-git-vault"
      },
      "revision": {
        "head": null,
        "worktreeFingerprint": "ec6d164a0532af5b793608b238883371999feeec82899a3ee8a796397d82f3df"
      },
      "host": {
        "platform": "darwin",
        "architecture": "arm64",
        "supported": true
      },
      "product": {
        "packageName": "@marktoda/dome",
        "packageVersion": "0.4.0",
        "sourceCommit": "1111111111111111111111111111111111111111",
        "productManifestSha256": "4444444444444444444444444444444444444444444444444444444444444444",
        "packagedHome": {
          "artifactId": "3333333333333333333333333333333333333333333333333333333333333333",
          "productVersion": "0.4.0",
          "buildCommit": "1111111111111111111111111111111111111111",
          "manifestSha256": "4444444444444444444444444444444444444444444444444444444444444444"
        }
      },
      "prerequisites": [
        {
          "id": "bun",
          "status": "available",
          "version": "1.2.13"
        },
        {
          "id": "git",
          "status": "available",
          "version": "2.50.1"
        }
      ],
      "git": {
        "state": "absent",
        "branch": null
      },
      "dome": {
        "state": "absent",
        "contentScope": "absent"
      },
      "installedHome": {
        "state": "absent",
        "artifactId": null,
        "productVersion": null,
        "buildCommit": null,
        "manifestSha256": null,
        "selectedVaultPath": null
      },
      "markdown": {
        "tracked": [],
        "untracked": [
          "Journal.md"
        ],
        "proposedScope": {
          "version": 1,
          "include": [
            "**/*.md"
          ],
          "exclude": [
            ".dome/**",
            ".git/**"
          ]
        }
      },
      "blockers": []
    },
    "actions": [
      {
        "kind": "initialize-git",
        "id": "git-repository",
        "repositoryPath": "/Users/example/Vault",
        "ifMissing": true
      },
      {
        "kind": "ensure-scaffold-directory",
        "id": "dome-directory",
        "path": ".dome",
        "mode": "0755",
        "ifMissing": true
      },
      {
        "kind": "ensure-scaffold-directory",
        "id": "dome-state-directory",
        "path": ".dome/state",
        "mode": "0700",
        "ifMissing": true
      },
      {
        "kind": "write-scaffold-file",
        "id": "agents-orientation",
        "path": "AGENTS.md",
        "bytes": 13,
        "sha256": "721430bc7a77d472ced403be3ca0e5ea881bcb8978104e5f305ea579c60c5ada",
        "mode": "0644",
        "ifMissing": true
      },
      {
        "kind": "write-scaffold-file",
        "id": "gitignore",
        "path": ".gitignore",
        "bytes": 13,
        "sha256": "052d9cd9e8dcbeba35387d09721ca3814dc98006c66b05b6e3cfd29b06c7c733",
        "mode": "0644",
        "ifMissing": true
      },
      {
        "kind": "set-content-scope",
        "id": "vault-config",
        "scope": {
          "version": 1,
          "include": [
            "**/*.md"
          ],
          "exclude": [
            ".dome/**",
            ".git/**"
          ]
        },
        "write": {
          "path": ".dome/config.yaml",
          "operation": "create-file",
          "bytes": 86,
          "sha256": "e7b5608767e4deca6e3a2237ab57f60b7be83269161055b2c723d07118271bf7",
          "mode": "0644",
          "ifMissing": true
        }
      },
      {
        "kind": "activate-home",
        "id": "home-activation",
        "artifactId": "3333333333333333333333333333333333333333333333333333333333333333",
        "disposition": "install-or-resume",
        "vaultPath": "/Users/example/Vault",
        "serviceLabel": "com.dome.home.vault-43ba0b40",
        "installServiceIfMissing": true
      }
    ],
    "optionalSteps": [
      {
        "kind": "configure-integration",
        "description": "Optionally connect calendar or Slack sources after setup."
      },
      {
        "kind": "configure-model",
        "description": "Optionally configure a local model provider after setup."
      }
    ],
    "recoveryCommands": [
      "dome setup --dry-run \\"/Users/example/Vault\\""
    ],
    "warnings": [
      {
        "code": "review-content-scope",
        "message": "Review the proposed Markdown scope before applying setup to existing owner content."
      }
    ]
  },
  "existing-git-vault": {
    "schema": "dome.setup.plan/v1",
    "status": "ready",
    "assessment": {
      "schema": "dome.setup.vault-assessment/v1",
      "target": {
        "path": "/Users/example/Vault",
        "kind": "existing-git-vault"
      },
      "revision": {
        "head": "1111111111111111111111111111111111111111",
        "worktreeFingerprint": "fd24497266a42f8620affc2718b3d8bd3801ad54a6b1efbb0ed519a06070eacf"
      },
      "host": {
        "platform": "darwin",
        "architecture": "arm64",
        "supported": true
      },
      "product": {
        "packageName": "@marktoda/dome",
        "packageVersion": "0.4.0",
        "sourceCommit": "1111111111111111111111111111111111111111",
        "productManifestSha256": "4444444444444444444444444444444444444444444444444444444444444444",
        "packagedHome": {
          "artifactId": "3333333333333333333333333333333333333333333333333333333333333333",
          "productVersion": "0.4.0",
          "buildCommit": "1111111111111111111111111111111111111111",
          "manifestSha256": "4444444444444444444444444444444444444444444444444444444444444444"
        }
      },
      "prerequisites": [
        {
          "id": "bun",
          "status": "available",
          "version": "1.2.13"
        },
        {
          "id": "git",
          "status": "available",
          "version": "2.50.1"
        }
      ],
      "git": {
        "state": "clean",
        "branch": "main"
      },
      "dome": {
        "state": "absent",
        "contentScope": "absent"
      },
      "installedHome": {
        "state": "absent",
        "artifactId": null,
        "productVersion": null,
        "buildCommit": null,
        "manifestSha256": null,
        "selectedVaultPath": null
      },
      "markdown": {
        "tracked": [
          "notes/hello.md"
        ],
        "untracked": [],
        "proposedScope": {
          "version": 1,
          "include": [
            "**/*.md"
          ],
          "exclude": [
            ".dome/**",
            ".git/**"
          ]
        }
      },
      "blockers": []
    },
    "actions": [
      {
        "kind": "ensure-scaffold-directory",
        "id": "dome-directory",
        "path": ".dome",
        "mode": "0755",
        "ifMissing": true
      },
      {
        "kind": "ensure-scaffold-directory",
        "id": "dome-state-directory",
        "path": ".dome/state",
        "mode": "0700",
        "ifMissing": true
      },
      {
        "kind": "write-scaffold-file",
        "id": "agents-orientation",
        "path": "AGENTS.md",
        "bytes": 13,
        "sha256": "721430bc7a77d472ced403be3ca0e5ea881bcb8978104e5f305ea579c60c5ada",
        "mode": "0644",
        "ifMissing": true
      },
      {
        "kind": "write-scaffold-file",
        "id": "gitignore",
        "path": ".gitignore",
        "bytes": 13,
        "sha256": "052d9cd9e8dcbeba35387d09721ca3814dc98006c66b05b6e3cfd29b06c7c733",
        "mode": "0644",
        "ifMissing": true
      },
      {
        "kind": "set-content-scope",
        "id": "vault-config",
        "scope": {
          "version": 1,
          "include": [
            "**/*.md"
          ],
          "exclude": [
            ".dome/**",
            ".git/**"
          ]
        },
        "write": {
          "path": ".dome/config.yaml",
          "operation": "create-file",
          "bytes": 86,
          "sha256": "e7b5608767e4deca6e3a2237ab57f60b7be83269161055b2c723d07118271bf7",
          "mode": "0644",
          "ifMissing": true
        }
      },
      {
        "kind": "activate-home",
        "id": "home-activation",
        "artifactId": "3333333333333333333333333333333333333333333333333333333333333333",
        "disposition": "install-or-resume",
        "vaultPath": "/Users/example/Vault",
        "serviceLabel": "com.dome.home.vault-43ba0b40",
        "installServiceIfMissing": true
      }
    ],
    "optionalSteps": [
      {
        "kind": "configure-integration",
        "description": "Optionally connect calendar or Slack sources after setup."
      },
      {
        "kind": "configure-model",
        "description": "Optionally configure a local model provider after setup."
      }
    ],
    "recoveryCommands": [
      "dome setup --dry-run \\"/Users/example/Vault\\""
    ],
    "warnings": [
      {
        "code": "review-content-scope",
        "message": "Review the proposed Markdown scope before applying setup to existing owner content."
      }
    ]
  },
  "existing-dome-vault": {
    "schema": "dome.setup.plan/v1",
    "status": "ready",
    "assessment": {
      "schema": "dome.setup.vault-assessment/v1",
      "target": {
        "path": "/Users/example/Vault",
        "kind": "existing-dome-vault"
      },
      "revision": {
        "head": "1111111111111111111111111111111111111111",
        "worktreeFingerprint": "17791d1871692893b7362fab952928f18c928a4a074b1e0a3fdda5f76177137f"
      },
      "host": {
        "platform": "darwin",
        "architecture": "arm64",
        "supported": true
      },
      "product": {
        "packageName": "@marktoda/dome",
        "packageVersion": "0.4.0",
        "sourceCommit": "1111111111111111111111111111111111111111",
        "productManifestSha256": "4444444444444444444444444444444444444444444444444444444444444444",
        "packagedHome": {
          "artifactId": "3333333333333333333333333333333333333333333333333333333333333333",
          "productVersion": "0.4.0",
          "buildCommit": "1111111111111111111111111111111111111111",
          "manifestSha256": "4444444444444444444444444444444444444444444444444444444444444444"
        }
      },
      "prerequisites": [
        {
          "id": "bun",
          "status": "available",
          "version": "1.2.13"
        },
        {
          "id": "git",
          "status": "available",
          "version": "2.50.1"
        }
      ],
      "git": {
        "state": "clean",
        "branch": "main"
      },
      "dome": {
        "state": "configured",
        "contentScope": "configured"
      },
      "installedHome": {
        "state": "absent",
        "artifactId": null,
        "productVersion": null,
        "buildCommit": null,
        "manifestSha256": null,
        "selectedVaultPath": null
      },
      "markdown": {
        "tracked": [
          "notes/hello.md"
        ],
        "untracked": [],
        "proposedScope": {
          "version": 1,
          "include": [
            "**/*.md"
          ],
          "exclude": [
            ".dome/**",
            ".git/**"
          ]
        }
      },
      "blockers": []
    },
    "actions": [
      {
        "kind": "activate-home",
        "id": "home-activation",
        "artifactId": "3333333333333333333333333333333333333333333333333333333333333333",
        "disposition": "install-or-resume",
        "vaultPath": "/Users/example/Vault",
        "serviceLabel": "com.dome.home.vault-43ba0b40",
        "installServiceIfMissing": true
      }
    ],
    "optionalSteps": [
      {
        "kind": "configure-integration",
        "description": "Optionally connect calendar or Slack sources after setup."
      },
      {
        "kind": "configure-model",
        "description": "Optionally configure a local model provider after setup."
      }
    ],
    "recoveryCommands": [
      "dome setup --dry-run \\"/Users/example/Vault\\""
    ],
    "warnings": [
      {
        "code": "review-content-scope",
        "message": "Review the proposed Markdown scope before applying setup to existing owner content."
      }
    ]
  },
  "incompatible-active-operation": {
    "schema": "dome.setup.plan/v1",
    "status": "blocked",
    "assessment": {
      "schema": "dome.setup.vault-assessment/v1",
      "target": {
        "path": "/Users/example/Vault",
        "kind": "incompatible-active-operation"
      },
      "revision": {
        "head": "1111111111111111111111111111111111111111",
        "worktreeFingerprint": "934d5787dc7b8b545fcf215aa589f5c2b8e14752411b8b631c0688a7045fceda"
      },
      "host": {
        "platform": "darwin",
        "architecture": "arm64",
        "supported": true
      },
      "product": {
        "packageName": "@marktoda/dome",
        "packageVersion": "0.4.0",
        "sourceCommit": "1111111111111111111111111111111111111111",
        "productManifestSha256": "4444444444444444444444444444444444444444444444444444444444444444",
        "packagedHome": {
          "artifactId": "3333333333333333333333333333333333333333333333333333333333333333",
          "productVersion": "0.4.0",
          "buildCommit": "1111111111111111111111111111111111111111",
          "manifestSha256": "4444444444444444444444444444444444444444444444444444444444444444"
        }
      },
      "prerequisites": [
        {
          "id": "bun",
          "status": "available",
          "version": "1.2.13"
        },
        {
          "id": "git",
          "status": "available",
          "version": "2.50.1"
        }
      ],
      "git": {
        "state": "operation-active",
        "branch": "main"
      },
      "dome": {
        "state": "absent",
        "contentScope": "absent"
      },
      "installedHome": {
        "state": "absent",
        "artifactId": null,
        "productVersion": null,
        "buildCommit": null,
        "manifestSha256": null,
        "selectedVaultPath": null
      },
      "markdown": {
        "tracked": [
          "notes/hello.md"
        ],
        "untracked": [],
        "proposedScope": {
          "version": 1,
          "include": [
            "**/*.md"
          ],
          "exclude": [
            ".dome/**",
            ".git/**"
          ]
        }
      },
      "blockers": [
        {
          "code": "active-git-operation",
          "message": "A Git operation is active.",
          "nextAction": "Finish or abort the Git operation, then reassess."
        }
      ]
    },
    "actions": [],
    "optionalSteps": [],
    "recoveryCommands": [
      "dome setup --dry-run \\"/Users/example/Vault\\""
    ],
    "warnings": []
  },
  "unsafe-or-ambiguous-state": {
    "schema": "dome.setup.plan/v1",
    "status": "blocked",
    "assessment": {
      "schema": "dome.setup.vault-assessment/v1",
      "target": {
        "path": "/Users/example/Vault",
        "kind": "unsafe-or-ambiguous-state"
      },
      "revision": {
        "head": "1111111111111111111111111111111111111111",
        "worktreeFingerprint": "d08571493fb5c7be4c41b254d36df53e2442bbde3d30000f366f77c1b8b276ce"
      },
      "host": {
        "platform": "darwin",
        "architecture": "arm64",
        "supported": true
      },
      "product": {
        "packageName": "@marktoda/dome",
        "packageVersion": "0.4.0",
        "sourceCommit": "1111111111111111111111111111111111111111",
        "productManifestSha256": "4444444444444444444444444444444444444444444444444444444444444444",
        "packagedHome": {
          "artifactId": "3333333333333333333333333333333333333333333333333333333333333333",
          "productVersion": "0.4.0",
          "buildCommit": "1111111111111111111111111111111111111111",
          "manifestSha256": "4444444444444444444444444444444444444444444444444444444444444444"
        }
      },
      "prerequisites": [
        {
          "id": "bun",
          "status": "available",
          "version": "1.2.13"
        },
        {
          "id": "git",
          "status": "available",
          "version": "2.50.1"
        }
      ],
      "git": {
        "state": "clean",
        "branch": "main"
      },
      "dome": {
        "state": "absent",
        "contentScope": "absent"
      },
      "installedHome": {
        "state": "absent",
        "artifactId": null,
        "productVersion": null,
        "buildCommit": null,
        "manifestSha256": null,
        "selectedVaultPath": null
      },
      "markdown": {
        "tracked": [
          "notes/hello.md"
        ],
        "untracked": [],
        "proposedScope": {
          "version": 1,
          "include": [
            "**/*.md"
          ],
          "exclude": [
            ".dome/**",
            ".git/**"
          ]
        }
      },
      "blockers": [
        {
          "code": "symlink-ambiguity",
          "message": "The selected path contains an ambiguous link.",
          "nextAction": "Choose a direct vault path, then reassess."
        }
      ]
    },
    "actions": [],
    "optionalSteps": [],
    "recoveryCommands": [
      "dome setup --dry-run \\"/Users/example/Vault\\""
    ],
    "warnings": []
  }
}"
`;

exports[`setup compiler renders human and JSON forms from the same validated plan 1`] = `
"Dome setup preview
Vault: /Users/example/Vault
Status: ready
Classification: existing-non-git-vault
Revision: no Git HEAD / ec6d164a0532af5b793608b238883371999feeec82899a3ee8a796397d82f3df

Planned actions:
- Initialize Git at /Users/example/Vault
- Ensure .dome
- Ensure .dome/state
- Create AGENTS.md if missing
- Create .gitignore if missing
- Configure Markdown scope in .dome/config.yaml
- Install or resume packaged Dome Home and activate com.dome.home.vault-43ba0b40

Optional after setup:
- Optionally connect calendar or Slack sources after setup.
- Optionally configure a local model provider after setup.

Warnings:
- Review the proposed Markdown scope before applying setup to existing owner content.

No changes were made."
`;
