// Bun Snapshot v1, https://goo.gl/fbAQLP

exports[`setup compiler compiles every closed classification into one exact plan payload 1`] = `
"{
  "new-path": {
    "schema": "dome.setup.plan/v1",
    "scope": "vault-adaptation",
    "status": "ready",
    "assessment": {
      "schema": "dome.setup.vault-assessment/v1",
      "target": {
        "path": "/Users/example/Vault",
        "state": "missing",
        "kind": "new-path"
      },
      "revision": {
        "head": null,
        "worktreeFingerprint": "3e4a882745b09101189a5b471d54fbb92c11458039d89dc61296d2096dd10252"
      },
      "host": {
        "platform": "darwin",
        "architecture": "arm64"
      },
      "product": {
        "packageName": "@marktoda/dome",
        "packageVersion": "0.4.0",
        "sourceCommit": "1111111111111111111111111111111111111111",
        "productManifestSha256": "4444444444444444444444444444444444444444444444444444444444444444",
        "packagedHome": {
          "artifactId": "3333333333333333333333333333333333333333333333333333333333333333",
          "productVersion": "0.4.0",
          "buildCommit": "1111111111111111111111111111111111111111",
          "manifestSha256": "4444444444444444444444444444444444444444444444444444444444444444"
        }
      },
      "prerequisites": [
        {
          "id": "bun",
          "status": "available",
          "version": "1.2.13"
        },
        {
          "id": "git",
          "status": "available",
          "version": "2.50.1"
        }
      ],
      "git": {
        "state": "absent",
        "branch": null
      },
      "dome": {
        "state": "absent",
        "contentScope": "absent"
      },
      "installedHome": {
        "state": "absent",
        "artifactId": null,
        "productVersion": null,
        "buildCommit": null,
        "manifestSha256": null,
        "selectedVaultPath": null
      },
      "markdown": {
        "tracked": [],
        "untracked": [],
        "proposedScope": {
          "version": 1,
          "include": [
            "**/*.md"
          ],
          "exclude": [
            ".dome/**",
            ".git/**"
          ]
        }
      },
      "repository": {
        "candidates": [],
        "baselineTracked": []
      },
      "blockers": []
    },
    "actions": [
      {
        "kind": "create-vault-directory",
        "id": "vault-directory",
        "path": "/Users/example/Vault",
        "mode": "0755",
        "ifMissing": true
      },
      {
        "kind": "initialize-git",
        "id": "git-repository",
        "repositoryPath": "/Users/example/Vault",
        "ifMissing": true
      },
      {
        "kind": "ensure-scaffold-directory",
        "id": "dome-directory",
        "path": ".dome",
        "mode": "0755",
        "ifMissing": true
      },
      {
        "kind": "ensure-scaffold-directory",
        "id": "dome-state-directory",
        "path": ".dome/state",
        "mode": "0700",
        "ifMissing": true
      },
      {
        "kind": "write-scaffold-file",
        "id": "agents-orientation",
        "path": "AGENTS.md",
        "bytes": 13,
        "sha256": "721430bc7a77d472ced403be3ca0e5ea881bcb8978104e5f305ea579c60c5ada",
        "mode": "0644",
        "ifMissing": true
      },
      {
        "kind": "write-scaffold-file",
        "id": "gitignore",
        "path": ".gitignore",
        "bytes": 13,
        "sha256": "052d9cd9e8dcbeba35387d09721ca3814dc98006c66b05b6e3cfd29b06c7c733",
        "mode": "0644",
        "ifMissing": true
      },
      {
        "kind": "set-content-scope",
        "id": "content-scope",
        "scope": {
          "version": 1,
          "include": [
            "**/*.md"
          ],
          "exclude": [
            ".dome/**",
            ".git/**"
          ]
        },
        "write": {
          "path": ".dome/config.yaml",
          "operation": "create-file",
          "bytes": 86,
          "sha256": "e7b5608767e4deca6e3a2237ab57f60b7be83269161055b2c723d07118271bf7",
          "mode": "0644",
          "ifMissing": true
        }
      }
    ],
    "optionalSteps": [
      {
        "kind": "configure-integration",
        "description": "Optionally connect calendar or Slack sources after setup."
      },
      {
        "kind": "configure-model",
        "description": "Optionally configure a local model provider after setup."
      }
    ],
    "deferredSteps": [
      {
        "kind": "activate-home",
        "milestone": "M6",
        "description": "Install or upgrade Dome Home only through the separately consented Home activation transaction."
      }
    ],
    "recoveryCommands": [
      "dome setup --dry-run \\"/Users/example/Vault\\""
    ],
    "warnings": []
  },
  "empty-directory": {
    "schema": "dome.setup.plan/v1",
    "scope": "vault-adaptation",
    "status": "ready",
    "assessment": {
      "schema": "dome.setup.vault-assessment/v1",
      "target": {
        "path": "/Users/example/Vault",
        "state": "empty-directory",
        "kind": "empty-directory"
      },
      "revision": {
        "head": null,
        "worktreeFingerprint": "4965f73724dd53c66f48c5cdc2c00ac611ede4d2a791081763b70844a19a02b5"
      },
      "host": {
        "platform": "darwin",
        "architecture": "arm64"
      },
      "product": {
        "packageName": "@marktoda/dome",
        "packageVersion": "0.4.0",
        "sourceCommit": "1111111111111111111111111111111111111111",
        "productManifestSha256": "4444444444444444444444444444444444444444444444444444444444444444",
        "packagedHome": {
          "artifactId": "3333333333333333333333333333333333333333333333333333333333333333",
          "productVersion": "0.4.0",
          "buildCommit": "1111111111111111111111111111111111111111",
          "manifestSha256": "4444444444444444444444444444444444444444444444444444444444444444"
        }
      },
      "prerequisites": [
        {
          "id": "bun",
          "status": "available",
          "version": "1.2.13"
        },
        {
          "id": "git",
          "status": "available",
          "version": "2.50.1"
        }
      ],
      "git": {
        "state": "absent",
        "branch": null
      },
      "dome": {
        "state": "absent",
        "contentScope": "absent"
      },
      "installedHome": {
        "state": "absent",
        "artifactId": null,
        "productVersion": null,
        "buildCommit": null,
        "manifestSha256": null,
        "selectedVaultPath": null
      },
      "markdown": {
        "tracked": [],
        "untracked": [],
        "proposedScope": {
          "version": 1,
          "include": [
            "**/*.md"
          ],
          "exclude": [
            ".dome/**",
            ".git/**"
          ]
        }
      },
      "repository": {
        "candidates": [],
        "baselineTracked": []
      },
      "blockers": []
    },
    "actions": [
      {
        "kind": "initialize-git",
        "id": "git-repository",
        "repositoryPath": "/Users/example/Vault",
        "ifMissing": true
      },
      {
        "kind": "ensure-scaffold-directory",
        "id": "dome-directory",
        "path": ".dome",
        "mode": "0755",
        "ifMissing": true
      },
      {
        "kind": "ensure-scaffold-directory",
        "id": "dome-state-directory",
        "path": ".dome/state",
        "mode": "0700",
        "ifMissing": true
      },
      {
        "kind": "write-scaffold-file",
        "id": "agents-orientation",
        "path": "AGENTS.md",
        "bytes": 13,
        "sha256": "721430bc7a77d472ced403be3ca0e5ea881bcb8978104e5f305ea579c60c5ada",
        "mode": "0644",
        "ifMissing": true
      },
      {
        "kind": "write-scaffold-file",
        "id": "gitignore",
        "path": ".gitignore",
        "bytes": 13,
        "sha256": "052d9cd9e8dcbeba35387d09721ca3814dc98006c66b05b6e3cfd29b06c7c733",
        "mode": "0644",
        "ifMissing": true
      },
      {
        "kind": "set-content-scope",
        "id": "content-scope",
        "scope": {
          "version": 1,
          "include": [
            "**/*.md"
          ],
          "exclude": [
            ".dome/**",
            ".git/**"
          ]
        },
        "write": {
          "path": ".dome/config.yaml",
          "operation": "create-file",
          "bytes": 86,
          "sha256": "e7b5608767e4deca6e3a2237ab57f60b7be83269161055b2c723d07118271bf7",
          "mode": "0644",
          "ifMissing": true
        }
      }
    ],
    "optionalSteps": [
      {
        "kind": "configure-integration",
        "description": "Optionally connect calendar or Slack sources after setup."
      },
      {
        "kind": "configure-model",
        "description": "Optionally configure a local model provider after setup."
      }
    ],
    "deferredSteps": [
      {
        "kind": "activate-home",
        "milestone": "M6",
        "description": "Install or upgrade Dome Home only through the separately consented Home activation transaction."
      }
    ],
    "recoveryCommands": [
      "dome setup --dry-run \\"/Users/example/Vault\\""
    ],
    "warnings": []
  },
  "existing-non-git-vault": {
    "schema": "dome.setup.plan/v1",
    "scope": "vault-adaptation",
    "status": "ready",
    "assessment": {
      "schema": "dome.setup.vault-assessment/v1",
      "target": {
        "path": "/Users/example/Vault",
        "state": "existing",
        "kind": "existing-non-git-vault"
      },
      "revision": {
        "head": null,
        "worktreeFingerprint": "242002b47c678e29b1da0b68b4e2b7ac7ee99c5b2532c0aff2bfc5b0178b54a4"
      },
      "host": {
        "platform": "darwin",
        "architecture": "arm64"
      },
      "product": {
        "packageName": "@marktoda/dome",
        "packageVersion": "0.4.0",
        "sourceCommit": "1111111111111111111111111111111111111111",
        "productManifestSha256": "4444444444444444444444444444444444444444444444444444444444444444",
        "packagedHome": {
          "artifactId": "3333333333333333333333333333333333333333333333333333333333333333",
          "productVersion": "0.4.0",
          "buildCommit": "1111111111111111111111111111111111111111",
          "manifestSha256": "4444444444444444444444444444444444444444444444444444444444444444"
        }
      },
      "prerequisites": [
        {
          "id": "bun",
          "status": "available",
          "version": "1.2.13"
        },
        {
          "id": "git",
          "status": "available",
          "version": "2.50.1"
        }
      ],
      "git": {
        "state": "absent",
        "branch": null
      },
      "dome": {
        "state": "absent",
        "contentScope": "absent"
      },
      "installedHome": {
        "state": "absent",
        "artifactId": null,
        "productVersion": null,
        "buildCommit": null,
        "manifestSha256": null,
        "selectedVaultPath": null
      },
      "markdown": {
        "tracked": [],
        "untracked": [
          "Journal.md"
        ],
        "proposedScope": {
          "version": 1,
          "include": [
            "**/*.md"
          ],
          "exclude": [
            ".dome/**",
            ".git/**"
          ]
        }
      },
      "repository": {
        "candidates": [
          {
            "path": "Journal.md",
            "kind": "file",
            "bytes": 12,
            "proofSha256": "5555555555555555555555555555555555555555555555555555555555555555",
            "contentSha256": "5555555555555555555555555555555555555555555555555555555555555555",
            "gitMode": "100644",
            "tracking": "other",
            "disposition": "baseline",
            "reason": "safe-owner-file"
          }
        ],
        "baselineTracked": [
          "Journal.md"
        ]
      },
      "blockers": []
    },
    "actions": [
      {
        "kind": "initialize-git",
        "id": "git-repository",
        "repositoryPath": "/Users/example/Vault",
        "ifMissing": true
      },
      {
        "kind": "commit-owner-baseline",
        "id": "owner-baseline",
        "paths": [
          "Journal.md"
        ],
        "message": "Dome setup: preserve owner baseline"
      },
      {
        "kind": "ensure-scaffold-directory",
        "id": "dome-directory",
        "path": ".dome",
        "mode": "0755",
        "ifMissing": true
      },
      {
        "kind": "ensure-scaffold-directory",
        "id": "dome-state-directory",
        "path": ".dome/state",
        "mode": "0700",
        "ifMissing": true
      },
      {
        "kind": "write-scaffold-file",
        "id": "agents-orientation",
        "path": "AGENTS.md",
        "bytes": 13,
        "sha256": "721430bc7a77d472ced403be3ca0e5ea881bcb8978104e5f305ea579c60c5ada",
        "mode": "0644",
        "ifMissing": true
      },
      {
        "kind": "write-scaffold-file",
        "id": "gitignore",
        "path": ".gitignore",
        "bytes": 13,
        "sha256": "052d9cd9e8dcbeba35387d09721ca3814dc98006c66b05b6e3cfd29b06c7c733",
        "mode": "0644",
        "ifMissing": true
      },
      {
        "kind": "set-content-scope",
        "id": "content-scope",
        "scope": {
          "version": 1,
          "include": [
            "**/*.md"
          ],
          "exclude": [
            ".dome/**",
            ".git/**"
          ]
        },
        "write": {
          "path": ".dome/config.yaml",
          "operation": "create-file",
          "bytes": 86,
          "sha256": "e7b5608767e4deca6e3a2237ab57f60b7be83269161055b2c723d07118271bf7",
          "mode": "0644",
          "ifMissing": true
        }
      }
    ],
    "optionalSteps": [
      {
        "kind": "configure-integration",
        "description": "Optionally connect calendar or Slack sources after setup."
      },
      {
        "kind": "configure-model",
        "description": "Optionally configure a local model provider after setup."
      }
    ],
    "deferredSteps": [
      {
        "kind": "activate-home",
        "milestone": "M6",
        "description": "Install or upgrade Dome Home only through the separately consented Home activation transaction."
      }
    ],
    "recoveryCommands": [
      "dome setup --dry-run \\"/Users/example/Vault\\""
    ],
    "warnings": [
      {
        "code": "review-content-scope",
        "message": "Review the proposed Markdown scope before applying setup to existing owner content."
      }
    ]
  },
  "existing-git-vault": {
    "schema": "dome.setup.plan/v1",
    "scope": "vault-adaptation",
    "status": "ready",
    "assessment": {
      "schema": "dome.setup.vault-assessment/v1",
      "target": {
        "path": "/Users/example/Vault",
        "state": "existing",
        "kind": "existing-git-vault"
      },
      "revision": {
        "head": "1111111111111111111111111111111111111111",
        "worktreeFingerprint": "434d9570b35b1818f9135a3250c350a8542011a5aadb4b6117c3666dad6f404c"
      },
      "host": {
        "platform": "darwin",
        "architecture": "arm64"
      },
      "product": {
        "packageName": "@marktoda/dome",
        "packageVersion": "0.4.0",
        "sourceCommit": "1111111111111111111111111111111111111111",
        "productManifestSha256": "4444444444444444444444444444444444444444444444444444444444444444",
        "packagedHome": {
          "artifactId": "3333333333333333333333333333333333333333333333333333333333333333",
          "productVersion": "0.4.0",
          "buildCommit": "1111111111111111111111111111111111111111",
          "manifestSha256": "4444444444444444444444444444444444444444444444444444444444444444"
        }
      },
      "prerequisites": [
        {
          "id": "bun",
          "status": "available",
          "version": "1.2.13"
        },
        {
          "id": "git",
          "status": "available",
          "version": "2.50.1"
        }
      ],
      "git": {
        "state": "clean",
        "branch": "main"
      },
      "dome": {
        "state": "absent",
        "contentScope": "absent"
      },
      "installedHome": {
        "state": "absent",
        "artifactId": null,
        "productVersion": null,
        "buildCommit": null,
        "manifestSha256": null,
        "selectedVaultPath": null
      },
      "markdown": {
        "tracked": [
          "notes/hello.md"
        ],
        "untracked": [],
        "proposedScope": {
          "version": 1,
          "include": [
            "**/*.md"
          ],
          "exclude": [
            ".dome/**",
            ".git/**"
          ]
        }
      },
      "repository": {
        "candidates": [
          {
            "path": "notes/hello.md",
            "kind": "file",
            "bytes": 12,
            "proofSha256": "5555555555555555555555555555555555555555555555555555555555555555",
            "contentSha256": "5555555555555555555555555555555555555555555555555555555555555555",
            "gitMode": "100644",
            "tracking": "tracked",
            "disposition": "already-tracked",
            "reason": "safe-owner-file"
          }
        ],
        "baselineTracked": []
      },
      "blockers": []
    },
    "actions": [
      {
        "kind": "ensure-scaffold-directory",
        "id": "dome-directory",
        "path": ".dome",
        "mode": "0755",
        "ifMissing": true
      },
      {
        "kind": "ensure-scaffold-directory",
        "id": "dome-state-directory",
        "path": ".dome/state",
        "mode": "0700",
        "ifMissing": true
      },
      {
        "kind": "write-scaffold-file",
        "id": "agents-orientation",
        "path": "AGENTS.md",
        "bytes": 13,
        "sha256": "721430bc7a77d472ced403be3ca0e5ea881bcb8978104e5f305ea579c60c5ada",
        "mode": "0644",
        "ifMissing": true
      },
      {
        "kind": "write-scaffold-file",
        "id": "gitignore",
        "path": ".gitignore",
        "bytes": 13,
        "sha256": "052d9cd9e8dcbeba35387d09721ca3814dc98006c66b05b6e3cfd29b06c7c733",
        "mode": "0644",
        "ifMissing": true
      },
      {
        "kind": "set-content-scope",
        "id": "content-scope",
        "scope": {
          "version": 1,
          "include": [
            "**/*.md"
          ],
          "exclude": [
            ".dome/**",
            ".git/**"
          ]
        },
        "write": {
          "path": ".dome/config.yaml",
          "operation": "create-file",
          "bytes": 86,
          "sha256": "e7b5608767e4deca6e3a2237ab57f60b7be83269161055b2c723d07118271bf7",
          "mode": "0644",
          "ifMissing": true
        }
      }
    ],
    "optionalSteps": [
      {
        "kind": "configure-integration",
        "description": "Optionally connect calendar or Slack sources after setup."
      },
      {
        "kind": "configure-model",
        "description": "Optionally configure a local model provider after setup."
      }
    ],
    "deferredSteps": [
      {
        "kind": "activate-home",
        "milestone": "M6",
        "description": "Install or upgrade Dome Home only through the separately consented Home activation transaction."
      }
    ],
    "recoveryCommands": [
      "dome setup --dry-run \\"/Users/example/Vault\\""
    ],
    "warnings": [
      {
        "code": "review-content-scope",
        "message": "Review the proposed Markdown scope before applying setup to existing owner content."
      }
    ]
  },
  "existing-dome-vault": {
    "schema": "dome.setup.plan/v1",
    "scope": "vault-adaptation",
    "status": "ready",
    "assessment": {
      "schema": "dome.setup.vault-assessment/v1",
      "target": {
        "path": "/Users/example/Vault",
        "state": "existing",
        "kind": "existing-dome-vault"
      },
      "revision": {
        "head": "1111111111111111111111111111111111111111",
        "worktreeFingerprint": "c619b0c673da0f8283f250054533f09649e910365b24fea72d94271b46a6d499"
      },
      "host": {
        "platform": "darwin",
        "architecture": "arm64"
      },
      "product": {
        "packageName": "@marktoda/dome",
        "packageVersion": "0.4.0",
        "sourceCommit": "1111111111111111111111111111111111111111",
        "productManifestSha256": "4444444444444444444444444444444444444444444444444444444444444444",
        "packagedHome": {
          "artifactId": "3333333333333333333333333333333333333333333333333333333333333333",
          "productVersion": "0.4.0",
          "buildCommit": "1111111111111111111111111111111111111111",
          "manifestSha256": "4444444444444444444444444444444444444444444444444444444444444444"
        }
      },
      "prerequisites": [
        {
          "id": "bun",
          "status": "available",
          "version": "1.2.13"
        },
        {
          "id": "git",
          "status": "available",
          "version": "2.50.1"
        }
      ],
      "git": {
        "state": "clean",
        "branch": "main"
      },
      "dome": {
        "state": "configured",
        "contentScope": "configured"
      },
      "installedHome": {
        "state": "absent",
        "artifactId": null,
        "productVersion": null,
        "buildCommit": null,
        "manifestSha256": null,
        "selectedVaultPath": null
      },
      "markdown": {
        "tracked": [
          "notes/hello.md"
        ],
        "untracked": [],
        "proposedScope": {
          "version": 1,
          "include": [
            "**/*.md"
          ],
          "exclude": [
            ".dome/**",
            ".git/**"
          ]
        }
      },
      "repository": {
        "candidates": [
          {
            "path": "notes/hello.md",
            "kind": "file",
            "bytes": 12,
            "proofSha256": "5555555555555555555555555555555555555555555555555555555555555555",
            "contentSha256": "5555555555555555555555555555555555555555555555555555555555555555",
            "gitMode": "100644",
            "tracking": "tracked",
            "disposition": "already-tracked",
            "reason": "safe-owner-file"
          }
        ],
        "baselineTracked": []
      },
      "blockers": []
    },
    "actions": [],
    "optionalSteps": [
      {
        "kind": "configure-integration",
        "description": "Optionally connect calendar or Slack sources after setup."
      },
      {
        "kind": "configure-model",
        "description": "Optionally configure a local model provider after setup."
      }
    ],
    "deferredSteps": [
      {
        "kind": "activate-home",
        "milestone": "M6",
        "description": "Install or upgrade Dome Home only through the separately consented Home activation transaction."
      }
    ],
    "recoveryCommands": [
      "dome setup --dry-run \\"/Users/example/Vault\\""
    ],
    "warnings": [
      {
        "code": "review-content-scope",
        "message": "Review the proposed Markdown scope before applying setup to existing owner content."
      }
    ]
  },
  "incompatible-active-operation": {
    "schema": "dome.setup.plan/v1",
    "scope": "vault-adaptation",
    "status": "blocked",
    "assessment": {
      "schema": "dome.setup.vault-assessment/v1",
      "target": {
        "path": "/Users/example/Vault",
        "state": "existing",
        "kind": "incompatible-active-operation"
      },
      "revision": {
        "head": "1111111111111111111111111111111111111111",
        "worktreeFingerprint": "20af63138be08dedb863bd2bb03db315dcf4f05118f294c4a1f63cedaeaa6a09"
      },
      "host": {
        "platform": "darwin",
        "architecture": "arm64"
      },
      "product": {
        "packageName": "@marktoda/dome",
        "packageVersion": "0.4.0",
        "sourceCommit": "1111111111111111111111111111111111111111",
        "productManifestSha256": "4444444444444444444444444444444444444444444444444444444444444444",
        "packagedHome": {
          "artifactId": "3333333333333333333333333333333333333333333333333333333333333333",
          "productVersion": "0.4.0",
          "buildCommit": "1111111111111111111111111111111111111111",
          "manifestSha256": "4444444444444444444444444444444444444444444444444444444444444444"
        }
      },
      "prerequisites": [
        {
          "id": "bun",
          "status": "available",
          "version": "1.2.13"
        },
        {
          "id": "git",
          "status": "available",
          "version": "2.50.1"
        }
      ],
      "git": {
        "state": "operation-active",
        "branch": "main"
      },
      "dome": {
        "state": "absent",
        "contentScope": "absent"
      },
      "installedHome": {
        "state": "absent",
        "artifactId": null,
        "productVersion": null,
        "buildCommit": null,
        "manifestSha256": null,
        "selectedVaultPath": null
      },
      "markdown": {
        "tracked": [
          "notes/hello.md"
        ],
        "untracked": [],
        "proposedScope": {
          "version": 1,
          "include": [
            "**/*.md"
          ],
          "exclude": [
            ".dome/**",
            ".git/**"
          ]
        }
      },
      "repository": {
        "candidates": [
          {
            "path": "notes/hello.md",
            "kind": "file",
            "bytes": 12,
            "proofSha256": "5555555555555555555555555555555555555555555555555555555555555555",
            "contentSha256": "5555555555555555555555555555555555555555555555555555555555555555",
            "gitMode": "100644",
            "tracking": "tracked",
            "disposition": "already-tracked",
            "reason": "safe-owner-file"
          }
        ],
        "baselineTracked": []
      },
      "blockers": [
        {
          "code": "active-git-operation",
          "message": "A Git operation is active.",
          "nextAction": "Finish or abort the Git operation, then reassess."
        }
      ]
    },
    "actions": [],
    "optionalSteps": [],
    "deferredSteps": [
      {
        "kind": "activate-home",
        "milestone": "M6",
        "description": "Install or upgrade Dome Home only through the separately consented Home activation transaction."
      }
    ],
    "recoveryCommands": [
      "dome setup --dry-run \\"/Users/example/Vault\\""
    ],
    "warnings": []
  },
  "unsafe-or-ambiguous-state": {
    "schema": "dome.setup.plan/v1",
    "scope": "vault-adaptation",
    "status": "blocked",
    "assessment": {
      "schema": "dome.setup.vault-assessment/v1",
      "target": {
        "path": "/Users/example/Vault",
        "state": "existing",
        "kind": "unsafe-or-ambiguous-state"
      },
      "revision": {
        "head": "1111111111111111111111111111111111111111",
        "worktreeFingerprint": "6ca4e1e1400f135473e87def44aabfc2e1e68fa13fb36f1abc8d429d70c726af"
      },
      "host": {
        "platform": "darwin",
        "architecture": "arm64"
      },
      "product": {
        "packageName": "@marktoda/dome",
        "packageVersion": "0.4.0",
        "sourceCommit": "1111111111111111111111111111111111111111",
        "productManifestSha256": "4444444444444444444444444444444444444444444444444444444444444444",
        "packagedHome": {
          "artifactId": "3333333333333333333333333333333333333333333333333333333333333333",
          "productVersion": "0.4.0",
          "buildCommit": "1111111111111111111111111111111111111111",
          "manifestSha256": "4444444444444444444444444444444444444444444444444444444444444444"
        }
      },
      "prerequisites": [
        {
          "id": "bun",
          "status": "available",
          "version": "1.2.13"
        },
        {
          "id": "git",
          "status": "available",
          "version": "2.50.1"
        }
      ],
      "git": {
        "state": "clean",
        "branch": "main"
      },
      "dome": {
        "state": "absent",
        "contentScope": "absent"
      },
      "installedHome": {
        "state": "absent",
        "artifactId": null,
        "productVersion": null,
        "buildCommit": null,
        "manifestSha256": null,
        "selectedVaultPath": null
      },
      "markdown": {
        "tracked": [
          "notes/hello.md"
        ],
        "untracked": [],
        "proposedScope": {
          "version": 1,
          "include": [
            "**/*.md"
          ],
          "exclude": [
            ".dome/**",
            ".git/**"
          ]
        }
      },
      "repository": {
        "candidates": [
          {
            "path": "notes/hello.md",
            "kind": "file",
            "bytes": 12,
            "proofSha256": "5555555555555555555555555555555555555555555555555555555555555555",
            "contentSha256": "5555555555555555555555555555555555555555555555555555555555555555",
            "gitMode": "100644",
            "tracking": "tracked",
            "disposition": "already-tracked",
            "reason": "safe-owner-file"
          }
        ],
        "baselineTracked": []
      },
      "blockers": [
        {
          "code": "symlink-ambiguity",
          "message": "The selected path contains an ambiguous link.",
          "nextAction": "Choose a direct vault path, then reassess."
        }
      ]
    },
    "actions": [],
    "optionalSteps": [],
    "deferredSteps": [
      {
        "kind": "activate-home",
        "milestone": "M6",
        "description": "Install or upgrade Dome Home only through the separately consented Home activation transaction."
      }
    ],
    "recoveryCommands": [
      "dome setup --dry-run \\"/Users/example/Vault\\""
    ],
    "warnings": []
  }
}"
`;

exports[`setup compiler renders human and JSON forms from the same validated plan 1`] = `
"Dome setup preview
Vault: /Users/example/Vault
Scope: vault-adaptation
Status: ready
Classification: existing-non-git-vault
Revision: no Git HEAD / 242002b47c678e29b1da0b68b4e2b7ac7ee99c5b2532c0aff2bfc5b0178b54a4

Proposed owner baseline:
- Journal.md

Planned actions:
- Initialize Git at /Users/example/Vault
- Commit 1 owner baseline file
- Ensure .dome
- Ensure .dome/state
- Create AGENTS.md if missing
- Create .gitignore if missing
- Configure Markdown scope in .dome/config.yaml

Optional after setup:
- Optionally connect calendar or Slack sources after setup.
- Optionally configure a local model provider after setup.

Warnings:
- Review the proposed Markdown scope before applying setup to existing owner content.

Deferred (not applied by this plan):
- Install or upgrade Dome Home only through the separately consented Home activation transaction. (M6)

No changes were made."
`;
